/home/sloancb/code/STM32WLE_TestSuite/cmake/stm32cubemx/../../Drivers/STM32WLxx_HAL_Driver/Inc/stm32wlxx_ll_bus.h:287:22:LL_AHB1_GRP1_EnableClock	24	static
/home/sloancb/code/STM32WLE_TestSuite/cmake/stm32cubemx/../../Drivers/STM32WLxx_HAL_Driver/Inc/stm32wlxx_ll_bus.h:449:22:LL_AHB2_GRP1_EnableClock	24	static
/home/sloancb/code/STM32WLE_TestSuite/Core/Src/main.c:101:5:main	8	static
/home/sloancb/code/STM32WLE_TestSuite/Core/Src/main.c:198:6:SystemClock_Config	112	static
/home/sloancb/code/STM32WLE_TestSuite/Core/Src/main.c:243:13:MX_LPTIM1_Init	8	static
/home/sloancb/code/STM32WLE_TestSuite/Core/Src/main.c:277:13:MX_RNG_Init	8	static
/home/sloancb/code/STM32WLE_TestSuite/Core/Src/main.c:304:6:MX_SUBGHZ_Init	8	static
/home/sloancb/code/STM32WLE_TestSuite/Core/Src/main.c:330:13:MX_USART1_UART_Init	8	static
/home/sloancb/code/STM32WLE_TestSuite/Core/Src/main.c:378:13:MX_USART2_UART_Init	8	static
/home/sloancb/code/STM32WLE_TestSuite/Core/Src/main.c:424:13:MX_DMA_Init	8	static
/home/sloancb/code/STM32WLE_TestSuite/Core/Src/main.c:456:13:MX_GPIO_Init	32	static
/home/sloancb/code/STM32WLE_TestSuite/Core/Src/main.c:520:6:StartEchoTask	24	static
/home/sloancb/code/STM32WLE_TestSuite/Core/Src/main.c:549:6:StartDefaultTask	32	static
/home/sloancb/code/STM32WLE_TestSuite/Core/Src/main.c:576:6:HAL_TIM_PeriodElapsedCallback	16	static
/home/sloancb/code/STM32WLE_TestSuite/Core/Src/main.c:594:6:Error_Handler	8	static
