/home/sloancb/code/STM32WLE_TestSuite/cmake/stm32cubemx/../../Drivers/STM32WLxx_HAL_Driver/Inc/stm32wlxx_ll_bus.h:287:22:LL_AHB1_GRP1_EnableClock	24	static
/home/sloancb/code/STM32WLE_TestSuite/cmake/stm32cubemx/../../Drivers/STM32WLxx_HAL_Driver/Inc/stm32wlxx_ll_bus.h:449:22:LL_AHB2_GRP1_EnableClock	24	static
/home/sloancb/code/STM32WLE_TestSuite/Core/Src/main.c:95:5:main	8	static
/home/sloancb/code/STM32WLE_TestSuite/Core/Src/main.c:191:6:SystemClock_Config	112	static
/home/sloancb/code/STM32WLE_TestSuite/Core/Src/main.c:236:13:MX_LPTIM1_Init	8	static
/home/sloancb/code/STM32WLE_TestSuite/Core/Src/main.c:270:13:MX_LPUART1_UART_Init	8	static
/home/sloancb/code/STM32WLE_TestSuite/Core/Src/main.c:318:13:MX_USART1_UART_Init	8	static
/home/sloancb/code/STM32WLE_TestSuite/Core/Src/main.c:365:13:MX_USART2_UART_Init	8	static
/home/sloancb/code/STM32WLE_TestSuite/Core/Src/main.c:413:13:MX_RNG_Init	8	static
/home/sloancb/code/STM32WLE_TestSuite/Core/Src/main.c:440:6:MX_SUBGHZ_Init	8	static
/home/sloancb/code/STM32WLE_TestSuite/Core/Src/main.c:464:13:MX_DMA_Init	8	static
/home/sloancb/code/STM32WLE_TestSuite/Core/Src/main.c:495:13:MX_GPIO_Init	32	static
/home/sloancb/code/STM32WLE_TestSuite/Core/Src/main.c:539:6:StartEchoTask	32	static
/home/sloancb/code/STM32WLE_TestSuite/Core/Src/main.c:568:6:StartDefaultTask	24	static
/home/sloancb/code/STM32WLE_TestSuite/Core/Src/main.c:593:6:HAL_TIM_PeriodElapsedCallback	16	static
/home/sloancb/code/STM32WLE_TestSuite/Core/Src/main.c:611:6:Error_Handler	8	static
