/home/sloancb/code/STM32WLE_TestSuite/Core/Src/stm32wlxx_it.c:76:6:NMI_Handler	4	static
/home/sloancb/code/STM32WLE_TestSuite/Core/Src/stm32wlxx_it.c:91:6:HardFault_Handler	4	static
/home/sloancb/code/STM32WLE_TestSuite/Core/Src/stm32wlxx_it.c:106:6:MemManage_Handler	4	static
/home/sloancb/code/STM32WLE_TestSuite/Core/Src/stm32wlxx_it.c:121:6:BusFault_Handler	4	static
/home/sloancb/code/STM32WLE_TestSuite/Core/Src/stm32wlxx_it.c:136:6:UsageFault_Handler	4	static
/home/sloancb/code/STM32WLE_TestSuite/Core/Src/stm32wlxx_it.c:151:6:DebugMon_Handler	4	static
/home/sloancb/code/STM32WLE_TestSuite/Core/Src/stm32wlxx_it.c:171:6:DMA1_Channel1_IRQHandler	8	static
/home/sloancb/code/STM32WLE_TestSuite/Core/Src/stm32wlxx_it.c:185:6:DMA1_Channel2_IRQHandler	8	static
/home/sloancb/code/STM32WLE_TestSuite/Core/Src/stm32wlxx_it.c:199:6:TIM1_UP_IRQHandler	8	static
/home/sloancb/code/STM32WLE_TestSuite/Core/Src/stm32wlxx_it.c:213:6:USART1_IRQHandler	8	static
/home/sloancb/code/STM32WLE_TestSuite/Core/Src/stm32wlxx_it.c:227:6:USART2_IRQHandler	8	static
/home/sloancb/code/STM32WLE_TestSuite/Core/Src/stm32wlxx_it.c:241:6:DMA2_Channel1_IRQHandler	8	static
/home/sloancb/code/STM32WLE_TestSuite/Core/Src/stm32wlxx_it.c:255:6:DMA2_Channel2_IRQHandler	8	static
/home/sloancb/code/STM32WLE_TestSuite/Core/Src/stm32wlxx_it.c:269:6:DMAMUX1_OVR_IRQHandler	8	static
