/home/sloancb/code/STM32WLE_TestSuite/Core/Src/stm32wlxx_it.c:75:6:NMI_Handler	4	static
/home/sloancb/code/STM32WLE_TestSuite/Core/Src/stm32wlxx_it.c:90:6:HardFault_Handler	4	static
/home/sloancb/code/STM32WLE_TestSuite/Core/Src/stm32wlxx_it.c:105:6:MemManage_Handler	4	static
/home/sloancb/code/STM32WLE_TestSuite/Core/Src/stm32wlxx_it.c:120:6:BusFault_Handler	4	static
/home/sloancb/code/STM32WLE_TestSuite/Core/Src/stm32wlxx_it.c:135:6:UsageFault_Handler	4	static
/home/sloancb/code/STM32WLE_TestSuite/Core/Src/stm32wlxx_it.c:150:6:DebugMon_Handler	4	static
/home/sloancb/code/STM32WLE_TestSuite/Core/Src/stm32wlxx_it.c:170:6:DMA1_Channel1_IRQHandler	8	static
/home/sloancb/code/STM32WLE_TestSuite/Core/Src/stm32wlxx_it.c:184:6:DMA1_Channel2_IRQHandler	8	static
/home/sloancb/code/STM32WLE_TestSuite/Core/Src/stm32wlxx_it.c:198:6:DMA1_Channel3_IRQHandler	8	static
/home/sloancb/code/STM32WLE_TestSuite/Core/Src/stm32wlxx_it.c:212:6:DMA1_Channel4_IRQHandler	8	static
/home/sloancb/code/STM32WLE_TestSuite/Core/Src/stm32wlxx_it.c:226:6:TIM1_UP_IRQHandler	8	static
/home/sloancb/code/STM32WLE_TestSuite/Core/Src/stm32wlxx_it.c:240:6:USART1_IRQHandler	8	static
/home/sloancb/code/STM32WLE_TestSuite/Core/Src/stm32wlxx_it.c:254:6:DMAMUX1_OVR_IRQHandler	8	static
