/home/sloancb/code/STM32WLE_TestSuite/Core/Src/sys_app.c:82:6:Rcv1_Callback	16	static
/home/sloancb/code/STM32WLE_TestSuite/Core/Src/sys_app.c:93:6:SystemApp_Init	8	static
/home/sloancb/code/STM32WLE_TestSuite/Core/Src/sys_app.c:154:13:TimestampNow	32	static
/home/sloancb/code/STM32WLE_TestSuite/Core/Src/sys_app.c:190:13:tiny_snprintf_like	24	static
/home/sloancb/code/STM32WLE_TestSuite/Core/Src/sys_app.c:228:10:HAL_GetTick	16	static
/home/sloancb/code/STM32WLE_TestSuite/Core/Src/sys_app.c:260:6:HAL_Delay	16	static
