/home/sloancb/code/STM32WLE_TestSuite/Core/Src/sys_app.c:84:6:Rcv1_Callback	16	static
/home/sloancb/code/STM32WLE_TestSuite/Core/Src/sys_app.c:95:6:SystemApp_Init	8	static
/home/sloancb/code/STM32WLE_TestSuite/Core/Src/sys_app.c:156:13:TimestampNow	32	static
/home/sloancb/code/STM32WLE_TestSuite/Core/Src/sys_app.c:192:13:tiny_snprintf_like	24	static
/home/sloancb/code/STM32WLE_TestSuite/Core/Src/sys_app.c:230:10:HAL_GetTick	16	static
/home/sloancb/code/STM32WLE_TestSuite/Core/Src/sys_app.c:262:6:HAL_Delay	16	static
