/home/sloancb/code/STM32WLE_TestSuite/cmake/stm32cubemx/../../Drivers/STM32WLxx_HAL_Driver/Inc/stm32wlxx_ll_bus.h:1374:22:LL_APB2_GRP1_ForceReset	16	static
/home/sloancb/code/STM32WLE_TestSuite/cmake/stm32cubemx/../../Drivers/STM32WLxx_HAL_Driver/Inc/stm32wlxx_ll_bus.h:1397:22:LL_APB2_GRP1_ReleaseReset	16	static
/home/sloancb/code/STM32WLE_TestSuite/cmake/stm32cubemx/../../Drivers/STM32WLxx_HAL_Driver/Inc/stm32wlxx_ll_exti.h:265:22:LL_EXTI_EnableIT_0_31	16	static
/home/sloancb/code/STM32WLE_TestSuite/Core/Src/usart_if.c:100:25:vcom_Init	16	static
/home/sloancb/code/STM32WLE_TestSuite/Core/Src/usart_if.c:115:25:vcom_DeInit	8	static
/home/sloancb/code/STM32WLE_TestSuite/Core/Src/usart_if.c:138:6:vcom_Trace	16	static
/home/sloancb/code/STM32WLE_TestSuite/Core/Src/usart_if.c:149:25:vcom_Trace_DMA	16	static
/home/sloancb/code/STM32WLE_TestSuite/Core/Src/usart_if.c:161:25:vcom_ReceiveInit	24	static
/home/sloancb/code/STM32WLE_TestSuite/Core/Src/usart_if.c:197:6:UART2_Rx_Init	16	static
/home/sloancb/code/STM32WLE_TestSuite/Core/Src/usart_if.c:216:6:vcom_Resume	8	static
/home/sloancb/code/STM32WLE_TestSuite/Core/Src/usart_if.c:237:6:HAL_UART_TxCpltCallback	16	static
/home/sloancb/code/STM32WLE_TestSuite/Core/Src/usart_if.c:252:6:HAL_UART_RxCpltCallback	24	static
/home/sloancb/code/STM32WLE_TestSuite/Core/Src/usart_if.c:280:6:HAL_UART_ErrorCallback	16	static
